=== watcher started 2026-09-21T02:24:54+08:00 for formal250, every 300s ===
Traceback (most recent call last):
  File "/home/ml-user/workdir/project-1/baseline/scripts/plot_reward.py", line 122, in <module>
    main()
  File "/home/ml-user/workdir/project-1/baseline/scripts/plot_reward.py", line 61, in main
    rows = load_metrics(run_dir)
           ^^^^^^^^^^^^^^^^^^^^^
  File "/home/ml-user/workdir/project-1/baseline/scripts/plot_reward.py", line 43, in load_metrics
    raise ValueError(f"no completed rollouts in {path} yet "
ValueError: no completed rollouts in /home/ml-user/workdir/project-1/baseline/reports/p2t250/metrics.jsonl yet (only events: ['prompt_filter'])
rollout None: raw_reward None, loss None, grad_norm None, tokens None, ESS/T None, varying/adv None
  PROBLEM: no optimizer step on the last rollout: None
  PROBLEM: loss is not finite: None
  PROBLEM: grad_norm is not finite: None
  PROBLEM: raw_reward_mean is not finite: None
  PROBLEM: response_entropy is not finite: None
  PROBLEM: kl_to_init is not finite: None
  PROBLEM: mean_response_tokens is not finite: None
wrote /home/ml-user/workdir/project-1/baseline/reports/p2t250/reward.png
{
  "run": "p2t250",
  "rollouts": 1,
  "raw_reward_first": 0.3411598205566406,
  "raw_reward_last": 0.3411598205566406,
  "raw_reward_mean": 0.3411598205566406,
  "sigma0": 3.0323000897825447,
  "alpha": 0.1,
  "omega": 0.6,
  "credit_ess_ratio": 0.994534969329834,
  "p2t_flat_response_fraction": 0.65625,
  "p2t_onehot_response_fraction": 0.0,
  "p2t_bonus_over_advantage": 0.4481913149356842,
  "p2t_varying_bonus_over_advantage": 2.685053004825022e-05,
  "p2t_sign_flip_fraction": 0.010684902779757977,
  "p2t_zero_attribution_share_mass": 0.023917624726891518,
  "p2t_unmapped_share_mean": 0.003739715786650777,
  "mean_response_tokens": 292.46875,
  "elapsed_sec_total": 227.5358127929503,
  "actor_peak_gb": 34.71909189224243,
  "reward_peak_gb": 19.353700160980225,
  "figure": "p2t250/reward.png"
}
rollout 1: raw_reward 0.3411598205566406, loss -0.031670895288698375, grad_norm 0.7184488773345947, tokens 292.46875, ESS/T 0.994534969329834, varying/adv 2.685053004825022e-05
  PROBLEM: attribution softmax is flat (credit_ess_ratio 0.99453); the token term is inert
wrote /home/ml-user/workdir/project-1/baseline/reports/p2t250/reward.png
{
  "run": "p2t250",
  "rollouts": 2,
  "raw_reward_first": 0.3411598205566406,
  "raw_reward_last": 3.2624034881591797,
  "raw_reward_mean": 1.8017816543579102,
  "sigma0": 3.0323000897825447,
  "alpha": 0.1,
  "omega": 0.6,
  "credit_ess_ratio": 0.9964099228382111,
  "p2t_flat_response_fraction": 0.5703125,
  "p2t_onehot_response_fraction": 0.0,
  "p2t_bonus_over_advantage": 0.7381583601236343,
  "p2t_varying_bonus_over_advantage": 4.699633336713305e-05,
  "p2t_sign_flip_fraction": 0.08009385829791427,
  "p2t_zero_attribution_share_mass": 0.027106855995953083,
  "p2t_unmapped_share_mean": 0.004636827274225652,
  "mean_response_tokens": 236.5859375,
  "elapsed_sec_total": 558.5293997928966,
  "actor_peak_gb": 36.376469135284424,
  "reward_peak_gb": 23.265069484710693,
  "figure": "p2t250/reward.png"
}
rollout 2: raw_reward 3.2624034881591797, loss -0.3276506113634241, grad_norm 0.8219131827354431, tokens 180.703125, ESS/T 0.9982848763465881, varying/adv 6.714213668601587e-05
  PROBLEM: attribution softmax is flat (credit_ess_ratio 0.99828); the token term is inert
  PROBLEM: response length falling -112 tokens/rollout
  PROBLEM: entropy falling -0.1324 nats/rollout (collapse?)
wrote /home/ml-user/workdir/project-1/baseline/reports/p2t250/reward.png
{
  "run": "p2t250",
  "rollouts": 3,
  "raw_reward_first": 0.3411598205566406,
  "raw_reward_last": 4.0223388671875,
  "raw_reward_mean": 2.5419673919677734,
  "sigma0": 3.0323000897825447,
  "alpha": 0.1,
  "omega": 0.6,
  "credit_ess_ratio": 0.9956962466239929,
  "p2t_flat_response_fraction": 0.5677083333333334,
  "p2t_onehot_response_fraction": 0.0,
  "p2t_bonus_over_advantage": 0.8163762589295706,
  "p2t_varying_bonus_over_advantage": 4.228924747925097e-05,
  "p2t_sign_flip_fraction": 0.08803802325079839,
  "p2t_zero_attribution_share_mass": 0.022547946001092594,
  "p2t_unmapped_share_mean": 0.004311271399880449,
  "mean_response_tokens": 251.640625,
  "elapsed_sec_total": 854.152890941943,
  "actor_peak_gb": 36.376469135284424,
  "reward_peak_gb": 23.265069484710693,
  "figure": "p2t250/reward.png"
}
rollout 3: raw_reward 4.0223388671875, loss -0.4039581307442859, grad_norm 0.3467220962047577, tokens 281.75, ESS/T 0.9942688941955566, varying/adv 3.28750757034868e-05
  PROBLEM: attribution softmax is flat (credit_ess_ratio 0.99427); the token term is inert
  PROBLEM: entropy falling -0.0285 nats/rollout (collapse?)
