=== watcher started 2026-09-21T03:10:28+08:00 for formal250: poll 30s, one figure per step ===
--- step 1/250 at 2026-09-21T03:20:28+08:00 ---
wrote /home/ml-user/workdir/project-1/baseline/reports/p2t250/reward.png
{
  "run": "p2t250",
  "rollouts": 1,
  "raw_reward_first": 0.5495433807373047,
  "raw_reward_last": 0.5495433807373047,
  "raw_reward_mean": 0.5495433807373047,
  "sigma0": 3.0323000897825447,
  "alpha": 0.1,
  "omega": 0.6,
  "credit_ess_ratio": 0.9941900968551636,
  "p2t_flat_response_fraction": 0.625,
  "p2t_onehot_response_fraction": 0.0,
  "p2t_bonus_over_advantage": 0.4499611556529999,
  "p2t_varying_bonus_over_advantage": 2.5462064513703808e-05,
  "p2t_sign_flip_fraction": 0.04401811957359314,
  "p2t_zero_attribution_share_mass": 0.023971835151314735,
  "p2t_unmapped_share_mean": 0.0037836397532373667,
  "mean_response_tokens": 293.203125,
  "elapsed_sec_total": 211.9244453459978,
  "actor_peak_gb": 34.71876621246338,
  "reward_peak_gb": 18.929198741912842,
  "figure": "p2t250/reward.png"
}
rollout 1: raw_reward 0.5495433807373047, loss -0.05583440372720361, grad_norm 0.6743770837783813, tokens 293.203125, ESS/T 0.9941900968551636, varying/adv 2.5462064513703808e-05
  PROBLEM: attribution softmax is flat (credit_ess_ratio 0.99419); the token term is inert
--- step 2/250 at 2026-09-21T03:26:01+08:00 ---
wrote /home/ml-user/workdir/project-1/baseline/reports/p2t250/reward.png
{
  "run": "p2t250",
  "rollouts": 2,
  "raw_reward_first": 0.5495433807373047,
  "raw_reward_last": 3.097677230834961,
  "raw_reward_mean": 1.8236103057861328,
  "sigma0": 3.0323000897825447,
  "alpha": 0.1,
  "omega": 0.6,
  "credit_ess_ratio": 0.995926558971405,
  "p2t_flat_response_fraction": 0.5546875,
  "p2t_onehot_response_fraction": 0.0,
  "p2t_bonus_over_advantage": 0.7149803787469864,
  "p2t_varying_bonus_over_advantage": 4.650562732422259e-05,
  "p2t_sign_flip_fraction": 0.08299466595053673,
  "p2t_zero_attribution_share_mass": 0.034702389501035213,
  "p2t_unmapped_share_mean": 0.004806740558706224,
  "mean_response_tokens": 232.3671875,
  "elapsed_sec_total": 548.3923567959573,
  "actor_peak_gb": 36.37646436691284,
  "reward_peak_gb": 23.265069484710693,
  "figure": "p2t250/reward.png"
}
rollout 2: raw_reward 3.097677230834961, loss -0.3114612077115453, grad_norm 1.0404545068740845, tokens 171.53125, ESS/T 0.9976630210876465, varying/adv 6.754919013474137e-05
  PROBLEM: attribution softmax is flat (credit_ess_ratio 0.99766); the token term is inert
  PROBLEM: response length falling -122 tokens/rollout
  PROBLEM: entropy falling -0.0963 nats/rollout (collapse?)
--- step 3/250 at 2026-09-21T03:30:34+08:00 ---
wrote /home/ml-user/workdir/project-1/baseline/reports/p2t250/reward.png
{
  "run": "p2t250",
  "rollouts": 3,
  "raw_reward_first": 0.5495433807373047,
  "raw_reward_last": 4.69317626953125,
  "raw_reward_mean": 2.780132293701172,
  "sigma0": 3.0323000897825447,
  "alpha": 0.1,
  "omega": 0.6,
  "credit_ess_ratio": 0.9964428742726644,
  "p2t_flat_response_fraction": 0.5364583333333334,
  "p2t_onehot_response_fraction": 0.0,
  "p2t_bonus_over_advantage": 0.822453111410141,
  "p2t_varying_bonus_over_advantage": 4.3794170778710395e-05,
  "p2t_sign_flip_fraction": 0.11266069859266281,
  "p2t_zero_attribution_share_mass": 0.02774764411151409,
  "p2t_unmapped_share_mean": 0.004450818058103323,
  "mean_response_tokens": 244.0625,
  "elapsed_sec_total": 828.1059394759359,
  "actor_peak_gb": 36.37646436691284,
  "reward_peak_gb": 23.265069484710693,
  "figure": "p2t250/reward.png"
}
rollout 3: raw_reward 4.69317626953125, loss -0.47194516053423285, grad_norm 0.3402683138847351, tokens 267.453125, ESS/T 0.9974755048751831, varying/adv 3.837125768768601e-05
  note: attribution softmax flat (credit_ess_ratio 0.99748) -- expected, see notes 2.2
  ok
--- step 4/250 at 2026-09-21T03:35:38+08:00 ---
wrote /home/ml-user/workdir/project-1/baseline/reports/p2t250/reward.png
{
  "run": "p2t250",
  "rollouts": 4,
  "raw_reward_first": 0.5495433807373047,
  "raw_reward_last": 5.639617919921875,
  "raw_reward_mean": 3.4950037002563477,
  "sigma0": 3.0323000897825447,
  "alpha": 0.1,
  "omega": 0.6,
  "credit_ess_ratio": 0.9965207576751709,
  "p2t_flat_response_fraction": 0.515625,
  "p2t_onehot_response_fraction": 0.0,
  "p2t_bonus_over_advantage": 0.9173697605729103,
  "p2t_varying_bonus_over_advantage": 4.506077584665036e-05,
  "p2t_sign_flip_fraction": 0.11630329675972462,
  "p2t_zero_attribution_share_mass": 0.02809917228296399,
  "p2t_unmapped_share_mean": 0.004394947784021497,
  "mean_response_tokens": 249.578125,
  "elapsed_sec_total": 1127.31893975602,
  "actor_peak_gb": 36.37646436691284,
  "reward_peak_gb": 23.265069484710693,
  "figure": "p2t250/reward.png"
}
rollout 4: raw_reward 5.639617919921875, loss -0.5692014954984188, grad_norm 1.3045307397842407, tokens 266.125, ESS/T 0.9967544078826904, varying/adv 4.886059105047025e-05
  note: attribution softmax flat (credit_ess_ratio 0.99675) -- expected, see notes 2.2
  ok
--- step 5/250 at 2026-09-21T03:40:41+08:00 ---
wrote /home/ml-user/workdir/project-1/baseline/reports/p2t250/reward.png
{
  "run": "p2t250",
  "rollouts": 5,
  "raw_reward_first": 0.5495433807373047,
  "raw_reward_last": 3.5047645568847656,
  "raw_reward_mean": 3.4969558715820312,
  "sigma0": 3.0323000897825447,
  "alpha": 0.1,
  "omega": 0.6,
  "credit_ess_ratio": 0.9969008922576904,
  "p2t_flat_response_fraction": 0.528125,
  "p2t_onehot_response_fraction": 0.0,
  "p2t_bonus_over_advantage": 0.8499358594417572,
  "p2t_varying_bonus_over_advantage": 4.0621809966978616e-05,
  "p2t_sign_flip_fraction": 0.1271690234541893,
  "p2t_zero_attribution_share_mass": 0.02509162425994873,
  "p2t_unmapped_share_mean": 0.004117801366373896,
  "mean_response_tokens": 266.125,
  "elapsed_sec_total": 1429.3723710400518,
  "actor_peak_gb": 37.10918855667114,
  "reward_peak_gb": 23.265069484710693,
  "figure": "p2t250/reward.png"
}
rollout 5: raw_reward 3.5047645568847656, loss -0.35074671159964055, grad_norm 0.6559193730354309, tokens 332.3125, ESS/T 0.9984214305877686, varying/adv 2.2865946448291652e-05
  note: attribution softmax flat (credit_ess_ratio 0.99842) -- expected, see notes 2.2
  PROBLEM: entropy falling -0.0878 nats/rollout (collapse?)
--- step 6/250 at 2026-09-21T03:45:44+08:00 ---
wrote /home/ml-user/workdir/project-1/baseline/reports/p2t250/reward.png
{
  "run": "p2t250",
  "rollouts": 6,
  "raw_reward_first": 0.5495433807373047,
  "raw_reward_last": 4.31256103515625,
  "raw_reward_mean": 3.632890065511068,
  "sigma0": 3.0323000897825447,
  "alpha": 0.1,
  "omega": 0.6,
  "credit_ess_ratio": 0.9971481760342916,
  "p2t_flat_response_fraction": 0.5442708333333334,
  "p2t_onehot_response_fraction": 0.0,
  "p2t_bonus_over_advantage": 0.8583355297644933,
  "p2t_varying_bonus_over_advantage": 3.6625324052389864e-05,
  "p2t_sign_flip_fraction": 0.12845582887530327,
  "p2t_zero_attribution_share_mass": 0.027920783186952274,
  "p2t_unmapped_share_mean": 0.0038715088351940117,
  "mean_response_tokens": 284.9010416666667,
  "elapsed_sec_total": 1732.3768444060115,
  "actor_peak_gb": 37.10918855667114,
  "reward_peak_gb": 23.265069484710693,
  "figure": "p2t250/reward.png"
}
rollout 6: raw_reward 4.31256103515625, loss -0.4425729992799461, grad_norm 1.2428324222564697, tokens 378.78125, ESS/T 0.9983845949172974, varying/adv 1.6642894479446113e-05
  note: attribution softmax flat (credit_ess_ratio 0.99838) -- expected, see notes 2.2
  PROBLEM: entropy falling -0.0648 nats/rollout (collapse?)
--- step 7/250 at 2026-09-21T03:52:47+08:00 ---
wrote /home/ml-user/workdir/project-1/baseline/reports/p2t250/reward.png
{
  "run": "p2t250",
  "rollouts": 7,
  "raw_reward_first": 0.5495433807373047,
  "raw_reward_last": 7.0072174072265625,
  "raw_reward_mean": 4.114936828613281,
  "sigma0": 3.0323000897825447,
  "alpha": 0.1,
  "omega": 0.6,
  "credit_ess_ratio": 0.9974388395036969,
  "p2t_flat_response_fraction": 0.5870535714285714,
  "p2t_onehot_response_fraction": 0.0,
  "p2t_bonus_over_advantage": 0.8884482852050236,
  "p2t_varying_bonus_over_advantage": 3.3754408962392646e-05,
  "p2t_sign_flip_fraction": 0.13553775527647563,
  "p2t_zero_attribution_share_mass": 0.024510046134569814,
  "p2t_unmapped_share_mean": 0.0036718176145638737,
  "mean_response_tokens": 303.75669642857144,
  "elapsed_sec_total": 2139.9259080929914,
  "actor_peak_gb": 37.10918855667114,
  "reward_peak_gb": 23.265069484710693,
  "figure": "p2t250/reward.png"
}
rollout 7: raw_reward 7.0072174072265625, loss -0.7016644225514028, grad_norm 0.1900109052658081, tokens 416.890625, ESS/T 0.9991828203201294, varying/adv 1.6528918422409333e-05
  note: attribution softmax flat (credit_ess_ratio 0.99918) -- expected, see notes 2.2
  ok
--- step 8/250 at 2026-09-21T03:58:50+08:00 ---
wrote /home/ml-user/workdir/project-1/baseline/reports/p2t250/reward.png
{
  "run": "p2t250",
  "rollouts": 8,
  "raw_reward_first": 0.5495433807373047,
  "raw_reward_last": 6.848876953125,
  "raw_reward_mean": 4.456679344177246,
  "sigma0": 3.0323000897825447,
  "alpha": 0.1,
  "omega": 0.6,
  "credit_ess_ratio": 0.9976006522774696,
  "p2t_flat_response_fraction": 0.583984375,
  "p2t_onehot_response_fraction": 0.0,
  "p2t_bonus_over_advantage": 0.9211333654820919,
  "p2t_varying_bonus_over_advantage": 3.280014652773389e-05,
  "p2t_sign_flip_fraction": 0.13287252467125654,
  "p2t_zero_attribution_share_mass": 0.02269638393772766,
  "p2t_unmapped_share_mean": 0.003590450360206887,
  "mean_response_tokens": 309.751953125,
  "elapsed_sec_total": 2500.5280601880513,
  "actor_peak_gb": 37.10918855667114,
  "reward_peak_gb": 23.265069484710693,
  "figure": "p2t250/reward.png"
}
rollout 8: raw_reward 6.848876953125, loss -0.6830290559446439, grad_norm 0.4228106141090393, tokens 351.71875, ESS/T 0.9987333416938782, varying/adv 2.612030948512256e-05
  note: attribution softmax flat (credit_ess_ratio 0.99873) -- expected, see notes 2.2
  PROBLEM: entropy falling -0.0396 nats/rollout (collapse?)
--- step 9/250 at 2026-09-21T04:02:53+08:00 ---
wrote /home/ml-user/workdir/project-1/baseline/reports/p2t250/reward.png
{
  "run": "p2t250",
  "rollouts": 9,
  "raw_reward_first": 0.5495433807373047,
  "raw_reward_last": 10.653465270996094,
  "raw_reward_mean": 5.145211113823785,
  "sigma0": 3.0323000897825447,
  "alpha": 0.1,
  "omega": 0.6,
  "credit_ess_ratio": 0.9977782037523057,
  "p2t_flat_response_fraction": 0.6006944444444444,
  "p2t_onehot_response_fraction": 0.0,
  "p2t_bonus_over_advantage": 0.9779596030712128,
  "p2t_varying_bonus_over_advantage": 3.281214271232279e-05,
  "p2t_sign_flip_fraction": 0.1408590947588285,
  "p2t_zero_attribution_share_mass": 0.020660807326849964,
  "p2t_unmapped_share_mean": 0.003550068475306034,
  "mean_response_tokens": 312.45659722222223,
  "elapsed_sec_total": 2746.92199724901,
  "actor_peak_gb": 37.10918855667114,
  "reward_peak_gb": 23.265069484710693,
  "figure": "p2t250/reward.png"
}
rollout 9: raw_reward 10.653465270996094, loss -1.0675084978574887, grad_norm 0.22723223268985748, tokens 334.09375, ESS/T 0.9991986155509949, varying/adv 3.2908112189034e-05
  note: attribution softmax flat (credit_ess_ratio 0.99920) -- expected, see notes 2.2
  PROBLEM: entropy falling -0.0250 nats/rollout (collapse?)
